// Jest Snapshot v1, https://goo.gl/fbAQLP

exports[`Тестируем ingredientDetails 1`] = `
<div
  className="bodyContent"
>
  <span>
    NO
  </span>
</div>
`;
