// Jest Snapshot v1, https://goo.gl/fbAQLP

exports[`Тестируем ingredientDetails 1`] = `
<div
  className="bodyContent"
>
  <img
    alt="Ingredient name"
    src="sime-img-url"
  />
  <p
    className="text text_type_main-medium p-5"
  >
    Ingredient name
  </p>
  <p
    className="text text_type_main-default p-5"
  >
    Ingredient name
  </p>
  <div
    className="details"
  >
    <div
      className="secondaryText"
    >
      <p>
        Калории, ккал
      </p>
      <p
        className="text text_type_digits-default"
      >
        100
      </p>
    </div>
    <div
      className="secondaryText"
    >
      <p>
        Белки, г
      </p>
      <p
        className="text text_type_digits-default"
      >
        10
      </p>
    </div>
    <div
      className="secondaryText"
    >
      <p>
        Жиры, г
      </p>
      <p
        className="text text_type_digits-default"
      >
        1
      </p>
    </div>
    <div
      className="secondaryText"
    >
      <p>
        Углеводы, г
      </p>
      <p
        className="text text_type_digits-default"
      >
        15
      </p>
    </div>
  </div>
</div>
`;
